2025-11-14 13:21:35 Loading main app package /usr/lib/obsidian/obsidian.asar
2025-11-14 13:21:35 Checking for update using Github
2025-11-14 13:21:35 Success.
2025-11-14 13:21:35 Latest version is 1.10.3
2025-11-14 13:21:35 App is up to date.
2025-11-14 13:48:22 Loading main app package /usr/lib/obsidian/obsidian.asar
2025-11-14 13:48:22 Checking for update using Github
2025-11-14 13:48:23 Success.
2025-11-14 13:48:23 Latest version is 1.10.3
2025-11-14 13:48:23 App is up to date.
2025-11-14 14:48:22 Checking for update using Github
2025-11-14 14:48:22 Success.
2025-11-14 14:48:22 Latest version is 1.10.3
2025-11-14 14:48:22 App is up to date.
2025-11-14 15:07:45 Loading main app package /usr/lib/obsidian/obsidian.asar
2025-11-14 15:07:45 Checking for update using Github
2025-11-14 15:07:45 Success.
2025-11-14 15:07:45 Latest version is 1.10.3
2025-11-14 15:07:45 App is up to date.
2025-11-14 15:51:27 Loading main app package /usr/lib/obsidian/obsidian.asar
2025-11-14 15:51:28 Checking for update using Github
2025-11-14 15:51:30 Success.
2025-11-14 15:51:30 Latest version is 1.10.3
2025-11-14 15:51:30 App is up to date.
2025-11-14 16:51:27 Checking for update using Github
2025-11-14 16:51:29 Success.
2025-11-14 16:51:29 Latest version is 1.10.3
2025-11-14 16:51:29 App is up to date.
2025-11-14 17:51:27 Checking for update using Github
2025-11-14 17:51:28 Success.
2025-11-14 17:51:28 Latest version is 1.10.3
2025-11-14 17:51:28 App is up to date.
2025-11-14 18:51:27 Checking for update using Github
2025-11-14 18:51:28 Success.
2025-11-14 18:51:28 Latest version is 1.10.3
2025-11-14 18:51:28 App is up to date.
2025-11-14 19:51:27 Checking for update using Github
2025-11-14 19:51:30 Success.
2025-11-14 19:51:30 Latest version is 1.10.3
2025-11-14 19:51:30 App is up to date.
2025-11-14 20:51:27 Checking for update using Github
2025-11-14 20:51:29 Success.
2025-11-14 20:51:29 Latest version is 1.10.3
2025-11-14 20:51:29 App is up to date.
2025-11-15 09:29:26 Loading main app package /usr/lib/obsidian/obsidian.asar
2025-11-15 09:29:26 Checking for update using Github
2025-11-15 09:29:26 Success.
2025-11-15 09:29:26 Latest version is 1.10.3
2025-11-15 09:29:26 App is up to date.
2025-11-15 10:29:26 Checking for update using Github
2025-11-15 10:29:26 Success.
2025-11-15 10:29:26 Latest version is 1.10.3
2025-11-15 10:29:26 App is up to date.
2025-11-15 12:24:26 Loading main app package /usr/lib/obsidian/obsidian.asar
2025-11-15 12:24:26 Checking for update using Github
2025-11-15 12:24:26 Success.
2025-11-15 12:24:26 Latest version is 1.10.3
2025-11-15 12:24:26 App is up to date.
2025-11-15 13:24:26 Checking for update using Github
2025-11-15 13:24:26 Success.
2025-11-15 13:24:26 Latest version is 1.10.3
2025-11-15 13:24:26 App is up to date.
2025-11-15 15:37:03 Loading main app package /usr/lib/obsidian/obsidian.asar
2025-11-15 15:37:03 Checking for update using Github
2025-11-15 15:37:03 Success.
2025-11-15 15:37:03 Latest version is 1.10.3
2025-11-15 15:37:03 App is up to date.
2025-11-15 16:09:48 Loading main app package /usr/lib/obsidian/obsidian.asar
2025-11-15 16:09:48 Checking for update using Github
2025-11-15 16:09:49 Success.
2025-11-15 16:09:49 Latest version is 1.10.3
2025-11-15 16:09:49 App is up to date.
2025-11-15 16:53:58 Loading main app package /usr/lib/obsidian/obsidian.asar
2025-11-15 16:53:59 Checking for update using Github
2025-11-15 16:54:00 Success.
2025-11-15 16:54:00 Latest version is 1.10.3
2025-11-15 16:54:00 App is up to date.
2025-11-15 17:10:48 Loading main app package /usr/lib/obsidian/obsidian.asar
2025-11-15 17:10:48 Checking for update using Github
2025-11-15 17:10:49 Success.
2025-11-15 17:10:49 Latest version is 1.10.3
2025-11-15 17:10:49 App is up to date.
2025-11-15 17:12:06 Loading main app package /usr/lib/obsidian/obsidian.asar
2025-11-15 17:12:06 Checking for update using Github
2025-11-15 17:12:06 Success.
2025-11-15 17:12:06 Latest version is 1.10.3
2025-11-15 17:12:06 App is up to date.
2025-11-15 17:12:29 Loading main app package /usr/lib/obsidian/obsidian.asar
2025-11-15 17:12:30 Checking for update using Github
2025-11-15 17:12:30 Success.
2025-11-15 17:12:30 Latest version is 1.10.3
2025-11-15 17:12:30 App is up to date.
2025-11-15 17:14:14 Loading main app package /usr/lib/obsidian/obsidian.asar
2025-11-15 17:14:15 Checking for update using Github
2025-11-15 17:14:15 Success.
2025-11-15 17:14:15 Latest version is 1.10.3
2025-11-15 17:14:15 App is up to date.
2025-11-15 17:15:40 Loading main app package /usr/lib/obsidian/obsidian.asar
2025-11-15 17:15:40 Checking for update using Github
2025-11-15 17:15:41 Success.
2025-11-15 17:15:41 Latest version is 1.10.3
2025-11-15 17:15:41 App is up to date.
2025-11-15 17:24:36 Loading main app package /usr/lib/obsidian/obsidian.asar
2025-11-15 17:24:36 Checking for update using Github
2025-11-15 17:24:36 Success.
2025-11-15 17:24:36 Latest version is 1.10.3
2025-11-15 17:24:36 App is up to date.
2025-11-15 17:30:57 Loading main app package /usr/lib/obsidian/obsidian.asar
2025-11-15 17:30:57 Checking for update using Github
2025-11-15 17:30:57 Success.
2025-11-15 17:30:57 Latest version is 1.10.3
2025-11-15 17:30:57 App is up to date.
2025-11-15 17:32:28 Loading main app package /usr/lib/obsidian/obsidian.asar
2025-11-15 17:32:29 Checking for update using Github
2025-11-15 17:32:29 Success.
2025-11-15 17:32:29 Latest version is 1.10.3
2025-11-15 17:32:29 App is up to date.
2025-11-15 18:20:22 Loading main app package /usr/lib/obsidian/obsidian.asar
2025-11-15 18:20:23 Checking for update using Github
2025-11-15 18:20:23 Success.
2025-11-15 18:20:23 Latest version is 1.10.3
2025-11-15 18:20:23 App is up to date.
2025-11-16 13:38:39 Loading main app package /usr/lib/obsidian/obsidian.asar
2025-11-16 13:38:40 Checking for update using Github
2025-11-16 13:38:40 Success.
2025-11-16 13:38:40 Latest version is 1.10.3
2025-11-16 13:38:40 App is up to date.
2025-11-16 14:38:39 Checking for update using Github
2025-11-16 14:38:40 Success.
2025-11-16 14:38:40 Latest version is 1.10.3
2025-11-16 14:38:40 App is up to date.
2025-11-16 15:38:39 Checking for update using Github
2025-11-16 15:38:39 Success.
2025-11-16 15:38:39 Latest version is 1.10.3
2025-11-16 15:38:39 App is up to date.
2025-11-16 16:38:39 Checking for update using Github
2025-11-16 16:38:40 Success.
2025-11-16 16:38:40 Latest version is 1.10.3
2025-11-16 16:38:40 App is up to date.
2025-11-16 17:15:27 Loading main app package /usr/lib/obsidian/obsidian.asar
2025-11-16 17:15:28 Checking for update using Github
2025-11-16 17:15:29 Success.
2025-11-16 17:15:29 Latest version is 1.10.3
2025-11-16 17:15:29 App is up to date.
2025-11-16 17:18:56 Loading main app package /usr/lib/obsidian/obsidian.asar
2025-11-16 17:18:56 Checking for update using Github
2025-11-16 17:18:57 Success.
2025-11-16 17:18:57 Latest version is 1.10.3
2025-11-16 17:18:57 App is up to date.
2025-11-17 07:19:32 Loading main app package /usr/lib/obsidian/obsidian.asar
2025-11-17 07:19:32 Checking for update using Github
2025-11-17 07:19:33 Success.
2025-11-17 07:19:33 Latest version is 1.10.3
2025-11-17 07:19:33 App is up to date.
2025-11-17 12:10:11 Loading main app package /usr/lib/obsidian/obsidian.asar
2025-11-17 12:10:12 Checking for update using Github
2025-11-17 12:10:12 Success.
2025-11-17 12:10:12 Latest version is 1.10.3
2025-11-17 12:10:12 App is up to date.
2025-11-17 12:20:19 Loading main app package /usr/lib/obsidian/obsidian.asar
2025-11-17 12:20:20 Checking for update using Github
2025-11-17 12:20:21 Success.
2025-11-17 12:20:21 Latest version is 1.10.3
2025-11-17 12:20:21 App is up to date.
2025-11-17 12:40:36 Loading main app package /usr/lib/obsidian/obsidian.asar
2025-11-17 12:40:36 Checking for update using Github
2025-11-17 12:40:37 Success.
2025-11-17 12:40:37 Latest version is 1.10.3
2025-11-17 12:40:37 App is up to date.
2025-11-17 15:48:21 Loading main app package /usr/lib/obsidian/obsidian.asar
2025-11-17 15:48:22 Checking for update using Github
2025-11-17 15:48:22 Success.
2025-11-17 15:48:22 Latest version is 1.10.3
2025-11-17 15:48:22 App is up to date.
2025-11-17 16:09:12 Loading main app package /usr/lib/obsidian/obsidian.asar
2025-11-17 16:09:33 Checking for update using Github
2025-11-17 16:09:34 Success.
2025-11-17 16:09:34 Latest version is 1.10.3
2025-11-17 16:09:34 App is up to date.
2025-11-17 17:09:12 Checking for update using Github
2025-11-17 17:09:12 Success.
2025-11-17 17:09:12 Latest version is 1.10.3
2025-11-17 17:09:12 App is up to date.
2025-11-17 20:43:33 Loading main app package /usr/lib/obsidian/obsidian.asar
2025-11-17 20:43:33 Checking for update using Github
2025-11-17 20:43:34 Success.
2025-11-17 20:43:34 Latest version is 1.10.3
2025-11-17 20:43:34 App is up to date.
2025-11-18 07:10:36 Loading main app package /usr/lib/obsidian/obsidian.asar
2025-11-18 07:10:36 Checking for update using Github
2025-11-18 07:10:37 Success.
2025-11-18 07:10:37 Latest version is 1.10.3
2025-11-18 07:10:37 App is up to date.
2025-11-19 19:39:18 Loading main app package /usr/lib/obsidian/obsidian.asar
2025-11-19 19:39:18 Checking for update using Github
2025-11-19 19:39:19 Success.
2025-11-19 19:39:19 Latest version is 1.10.3
2025-11-19 19:39:19 App is up to date.
2025-11-19 20:11:13 Loading main app package /usr/lib/obsidian/obsidian.asar
2025-11-19 20:11:13 Checking for update using Github
2025-11-19 20:11:15 Failed to check for update using Github (net::ERR_NETWORK_CHANGED)
2025-11-19 20:11:15 Checking for update using obsidian.md
2025-11-19 20:11:15 Failed to check for update using obsidian.md (net::ERR_NETWORK_CHANGED)
2025-11-20 07:16:42 Loading main app package /usr/lib/obsidian/obsidian.asar
2025-11-20 07:16:43 Checking for update using Github
2025-11-20 07:16:43 Success.
2025-11-20 07:16:43 Latest version is 1.10.3
2025-11-20 07:16:43 App is up to date.
2025-11-20 16:28:35 Loading main app package /usr/lib/obsidian/obsidian.asar
2025-11-20 16:28:36 Checking for update using Github
2025-11-20 16:28:36 Success.
2025-11-20 16:28:36 Latest version is 1.10.3
2025-11-20 16:28:36 App is up to date.
2025-11-20 17:28:35 Checking for update using Github
2025-11-20 17:28:36 Success.
2025-11-20 17:28:36 Latest version is 1.10.3
2025-11-20 17:28:36 App is up to date.
2025-11-20 18:28:35 Checking for update using Github
2025-11-20 18:28:36 Success.
2025-11-20 18:28:36 Latest version is 1.10.3
2025-11-20 18:28:36 App is up to date.
2025-11-20 18:44:04 Loading main app package /usr/lib/obsidian/obsidian.asar
2025-11-20 18:44:25 Checking for update using Github
2025-11-20 18:44:25 Success.
2025-11-20 18:44:25 Latest version is 1.10.3
2025-11-20 18:44:25 App is up to date.
2025-11-20 18:45:34 Loading main app package /usr/lib/obsidian/obsidian.asar
2025-11-20 18:45:34 Checking for update using Github
2025-11-20 18:45:35 Success.
2025-11-20 18:45:35 Latest version is 1.10.3
2025-11-20 18:45:35 App is up to date.
2025-11-20 19:05:42 Loading main app package /usr/lib/obsidian/obsidian.asar
2025-11-20 19:05:42 Checking for update using Github
2025-11-20 19:05:43 Success.
2025-11-20 19:05:43 Latest version is 1.10.3
2025-11-20 19:05:43 App is up to date.
2025-11-20 19:28:05 Loading main app package /usr/lib/obsidian/obsidian.asar
2025-11-20 19:28:06 Checking for update using Github
2025-11-20 19:28:06 Failed to check for update using Github (net::ERR_NETWORK_CHANGED)
2025-11-20 19:28:06 Checking for update using obsidian.md
2025-11-20 19:28:07 Failed to check for update using obsidian.md (net::ERR_NETWORK_CHANGED)
2025-11-20 19:50:17 Loading main app package /usr/lib/obsidian/obsidian.asar
2025-11-20 19:50:17 Checking for update using Github
2025-11-20 19:50:18 Success.
2025-11-20 19:50:18 Latest version is 1.10.3
2025-11-20 19:50:18 App is up to date.
2025-11-20 21:24:28 Checking for update using Github
2025-11-20 21:24:29 Success.
2025-11-20 21:24:29 Latest version is 1.10.3
2025-11-20 21:24:29 App is up to date.
2025-11-20 23:45:40 Loading main app package /usr/lib/obsidian/obsidian.asar
2025-11-20 23:45:41 Checking for update using Github
2025-11-20 23:45:41 Success.
2025-11-20 23:45:41 Latest version is 1.10.3
2025-11-20 23:45:41 App is up to date.
2025-11-21 07:21:53 Loading main app package /usr/lib/obsidian/obsidian.asar
2025-11-21 07:21:54 Checking for update using Github
2025-11-21 07:21:54 Success.
2025-11-21 07:21:54 Latest version is 1.10.3
2025-11-21 07:21:54 App is up to date.
2025-11-21 13:34:57 Loading main app package /usr/lib/obsidian/obsidian.asar
2025-11-21 13:34:58 Checking for update using Github
2025-11-21 13:34:58 Success.
2025-11-21 13:34:58 Latest version is 1.10.3
2025-11-21 13:34:58 App is up to date.
2025-11-21 14:34:57 Checking for update using Github
2025-11-21 14:34:57 Success.
2025-11-21 14:34:57 Latest version is 1.10.3
2025-11-21 14:34:57 App is up to date.
2025-11-21 15:34:57 Checking for update using Github
2025-11-21 15:34:57 Success.
2025-11-21 15:34:57 Latest version is 1.10.3
2025-11-21 15:34:57 App is up to date.
2025-11-21 16:34:57 Checking for update using Github
2025-11-21 16:34:57 Success.
2025-11-21 16:34:57 Latest version is 1.10.3
2025-11-21 16:34:57 App is up to date.
2025-11-21 17:34:57 Checking for update using Github
2025-11-21 17:34:57 Success.
2025-11-21 17:34:57 Latest version is 1.10.3
2025-11-21 17:34:57 App is up to date.
2025-11-21 18:34:57 Checking for update using Github
2025-11-21 18:34:57 Success.
2025-11-21 18:34:57 Latest version is 1.10.3
2025-11-21 18:34:57 App is up to date.
2025-11-21 20:36:27 Checking for update using Github
2025-11-21 20:36:28 Success.
2025-11-21 20:36:28 Latest version is 1.10.3
2025-11-21 20:36:28 App is up to date.
2025-11-21 21:36:58 Checking for update using Github
2025-11-21 21:36:58 Success.
2025-11-21 21:36:58 Latest version is 1.10.3
2025-11-21 21:36:58 App is up to date.
2025-11-22 13:27:31 Checking for update using Github
2025-11-22 13:27:31 Success.
2025-11-22 13:27:31 Latest version is 1.10.3
2025-11-22 13:27:31 App is up to date.
2025-11-22 14:27:31 Checking for update using Github
2025-11-22 14:27:31 Success.
2025-11-22 14:27:31 Latest version is 1.10.3
2025-11-22 14:27:31 App is up to date.
2025-11-22 14:43:11 Loading main app package /usr/lib/obsidian/obsidian.asar
2025-11-22 14:43:11 Checking for update using Github
2025-11-22 14:43:11 Failed to check for update using Github (net::ERR_NETWORK_CHANGED)
2025-11-22 14:43:11 Checking for update using obsidian.md
2025-11-22 14:43:12 Failed to check for update using obsidian.md (Unexpected end of JSON input)
2025-11-22 15:08:33 Loading main app package /usr/lib/obsidian/obsidian.asar
2025-11-22 15:08:55 Checking for update using Github
2025-11-22 15:09:01 Success.
2025-11-22 15:09:01 Latest version is 1.10.3
2025-11-22 15:09:01 App is up to date.
2025-11-22 18:08:16 Loading main app package /usr/lib/obsidian/obsidian.asar
2025-11-22 18:08:17 Checking for update using Github
2025-11-22 18:08:18 Success.
2025-11-22 18:08:18 Latest version is 1.10.3
2025-11-22 18:08:18 App is up to date.
2025-11-22 18:14:56 Loading main app package /usr/lib/obsidian/obsidian.asar
2025-11-22 18:14:57 Checking for update using Github
2025-11-22 18:14:57 Success.
2025-11-22 18:14:57 Latest version is 1.10.3
2025-11-22 18:14:57 App is up to date.
2025-11-22 18:16:20 Loading main app package /usr/lib/obsidian/obsidian.asar
2025-11-22 18:16:41 Checking for update using Github
2025-11-22 18:16:41 Success.
2025-11-22 18:16:41 Latest version is 1.10.3
2025-11-22 18:16:41 App is up to date.
2025-11-22 18:17:28 Loading main app package /usr/lib/obsidian/obsidian.asar
2025-11-22 18:17:29 Checking for update using Github
2025-11-22 18:17:30 Success.
2025-11-22 18:17:30 Latest version is 1.10.3
2025-11-22 18:17:30 App is up to date.
2025-11-22 18:18:50 Loading main app package /usr/lib/obsidian/obsidian.asar
2025-11-22 18:18:50 Checking for update using Github
2025-11-22 18:18:50 Success.
2025-11-22 18:18:50 Latest version is 1.10.3
2025-11-22 18:18:50 App is up to date.
2025-11-22 18:28:58 Loading main app package /usr/lib/obsidian/obsidian.asar
2025-11-22 18:28:59 Checking for update using Github
2025-11-22 18:28:59 Success.
2025-11-22 18:28:59 Latest version is 1.10.3
2025-11-22 18:28:59 App is up to date.
2025-11-22 18:29:35 Loading main app package /usr/lib/obsidian/obsidian.asar
2025-11-22 18:29:36 Checking for update using Github
2025-11-22 18:29:36 Success.
2025-11-22 18:29:36 Latest version is 1.10.3
2025-11-22 18:29:36 App is up to date.
2025-11-22 18:31:52 Loading main app package /usr/lib/obsidian/obsidian.asar
2025-11-22 18:31:52 Checking for update using Github
2025-11-22 18:31:53 Success.
2025-11-22 18:31:53 Latest version is 1.10.3
2025-11-22 18:31:53 App is up to date.
2025-11-22 18:32:42 Loading main app package /usr/lib/obsidian/obsidian.asar
2025-11-22 18:33:02 Checking for update using Github
2025-11-22 18:33:02 Success.
2025-11-22 18:33:02 Latest version is 1.10.3
2025-11-22 18:33:02 App is up to date.
2025-11-22 18:33:55 Loading main app package /usr/lib/obsidian/obsidian.asar
2025-11-22 18:33:56 Checking for update using Github
2025-11-22 18:33:57 Success.
2025-11-22 18:33:57 Latest version is 1.10.3
2025-11-22 18:33:57 App is up to date.
2025-11-22 19:33:55 Checking for update using Github
2025-11-22 19:33:56 Success.
2025-11-22 19:33:56 Latest version is 1.10.3
2025-11-22 19:33:56 App is up to date.
2025-11-22 20:33:55 Checking for update using Github
2025-11-22 20:33:56 Success.
2025-11-22 20:33:56 Latest version is 1.10.3
2025-11-22 20:33:56 App is up to date.
2025-11-22 21:33:55 Checking for update using Github
2025-11-22 21:33:56 Success.
2025-11-22 21:33:56 Latest version is 1.10.3
2025-11-22 21:33:56 App is up to date.
2025-11-22 22:33:55 Checking for update using Github
2025-11-22 22:33:56 Success.
2025-11-22 22:33:56 Latest version is 1.10.3
2025-11-22 22:33:56 App is up to date.
2025-11-23 11:44:35 Loading main app package /usr/lib/obsidian/obsidian.asar
2025-11-23 11:44:36 Checking for update using Github
2025-11-23 11:44:37 Success.
2025-11-23 11:44:37 Latest version is 1.10.3
2025-11-23 11:44:37 App is up to date.
2025-11-23 12:28:31 Loading main app package /usr/lib/obsidian/obsidian.asar
2025-11-23 12:28:32 Checking for update using Github
2025-11-23 12:28:33 Success.
2025-11-23 12:28:33 Latest version is 1.10.3
2025-11-23 12:28:33 App is up to date.
2025-11-23 12:30:50 Loading main app package /usr/lib/obsidian/obsidian.asar
2025-11-23 12:31:11 Checking for update using Github
2025-11-23 12:31:12 Success.
2025-11-23 12:31:12 Latest version is 1.10.3
2025-11-23 12:31:12 App is up to date.
2025-11-23 12:32:08 Loading main app package /usr/lib/obsidian/obsidian.asar
2025-11-23 12:32:30 Checking for update using Github
2025-11-23 12:32:30 Success.
2025-11-23 12:32:30 Latest version is 1.10.3
2025-11-23 12:32:30 App is up to date.
2025-11-23 12:33:14 Loading main app package /usr/lib/obsidian/obsidian.asar
2025-11-23 12:33:37 Checking for update using Github
2025-11-23 12:33:38 Success.
2025-11-23 12:33:38 Latest version is 1.10.3
2025-11-23 12:33:38 App is up to date.
2025-11-23 12:34:17 Loading main app package /usr/lib/obsidian/obsidian.asar
2025-11-23 12:34:38 Checking for update using Github
2025-11-23 12:34:38 Success.
2025-11-23 12:34:38 Latest version is 1.10.3
2025-11-23 12:34:38 App is up to date.
2025-11-23 13:34:17 Checking for update using Github
2025-11-23 13:34:18 Success.
2025-11-23 13:34:18 Latest version is 1.10.3
2025-11-23 13:34:18 App is up to date.
2025-11-23 14:34:17 Checking for update using Github
2025-11-23 14:34:18 Success.
2025-11-23 14:34:18 Latest version is 1.10.3
2025-11-23 14:34:18 App is up to date.
2025-11-23 15:34:18 Checking for update using Github
2025-11-23 15:34:18 Success.
2025-11-23 15:34:18 Latest version is 1.10.3
2025-11-23 15:34:18 App is up to date.
2025-11-23 15:59:31 Loading main app package /usr/lib/obsidian/obsidian.asar
2025-11-23 15:59:33 Checking for update using Github
2025-11-23 15:59:33 Success.
2025-11-23 15:59:33 Latest version is 1.10.3
2025-11-23 15:59:33 App is up to date.
2025-11-23 16:03:23 Loading main app package /usr/lib/obsidian/obsidian.asar
2025-11-23 16:03:25 Checking for update using Github
2025-11-23 16:03:25 Success.
2025-11-23 16:03:25 Latest version is 1.10.3
2025-11-23 16:03:25 App is up to date.
2025-11-23 22:19:53 Loading main app package /usr/lib/obsidian/obsidian.asar
2025-11-23 22:19:55 Checking for update using Github
2025-11-23 22:19:56 Success.
2025-11-23 22:19:56 Latest version is 1.10.3
2025-11-23 22:19:56 App is up to date.
2025-11-23 22:30:08 Loading main app package /usr/lib/obsidian/obsidian.asar
2025-11-23 22:30:10 Checking for update using Github
2025-11-23 22:30:10 Success.
2025-11-23 22:30:10 Latest version is 1.10.3
2025-11-23 22:30:10 App is up to date.
2025-11-24 16:14:12 Loading main app package /usr/lib/obsidian/obsidian.asar
2025-11-24 16:14:14 Checking for update using Github
2025-11-24 16:14:14 Success.
2025-11-24 16:14:14 Latest version is 1.10.3
2025-11-24 16:14:14 App is up to date.
2025-11-24 17:14:12 Checking for update using Github
2025-11-24 17:14:12 Success.
2025-11-24 17:14:12 Latest version is 1.10.3
2025-11-24 17:14:12 App is up to date.
2025-11-24 18:14:12 Checking for update using Github
2025-11-24 18:14:12 Success.
2025-11-24 18:14:12 Latest version is 1.10.3
2025-11-24 18:14:12 App is up to date.
2025-11-24 19:14:12 Checking for update using Github
2025-11-24 19:14:12 Success.
2025-11-24 19:14:12 Latest version is 1.10.3
2025-11-24 19:14:12 App is up to date.
2025-11-24 20:14:12 Checking for update using Github
2025-11-24 20:14:12 Success.
2025-11-24 20:14:12 Latest version is 1.10.3
2025-11-24 20:14:12 App is up to date.
2025-11-24 21:14:12 Checking for update using Github
2025-11-24 21:14:12 Success.
2025-11-24 21:14:12 Latest version is 1.10.3
2025-11-24 21:14:12 App is up to date.
2025-11-25 15:45:46 Loading main app package /usr/lib/obsidian/obsidian.asar
2025-11-25 15:45:48 Checking for update using Github
2025-11-25 15:45:48 Success.
2025-11-25 15:45:48 Latest version is 1.10.3
2025-11-25 15:45:48 App is up to date.
2025-11-25 23:10:02 Loading main app package /usr/lib/obsidian/obsidian.asar
2025-11-25 23:10:04 Checking for update using Github
2025-11-25 23:10:05 Success.
2025-11-25 23:10:05 Latest version is 1.10.6
2025-11-25 23:10:05 Downloading update from https://github.com/obsidianmd/obsidian-releases/releases/download/v1.10.6/obsidian-1.10.6.asar.gz
2025-11-25 23:10:08 Verifying hash & signature. Size= 9054843
2025-11-25 23:10:08 Saving file
2025-11-25 23:10:10 Update complete.
2025-11-26 13:05:12 Loading updated app package /home/myka/.config/obsidian/obsidian-1.10.6.asar
2025-11-26 13:05:13 Checking for update using Github
2025-11-26 13:05:14 Success.
2025-11-26 13:05:14 Latest version is 1.10.6
2025-11-26 13:05:14 App is up to date.
2025-11-26 14:05:12 Checking for update using Github
2025-11-26 14:05:12 Success.
2025-11-26 14:05:12 Latest version is 1.10.6
2025-11-26 14:05:12 App is up to date.
2025-11-26 15:05:12 Checking for update using Github
2025-11-26 15:05:12 Success.
2025-11-26 15:05:12 Latest version is 1.10.6
2025-11-26 15:05:12 App is up to date.
2025-11-26 16:05:12 Checking for update using Github
2025-11-26 16:05:12 Success.
2025-11-26 16:05:12 Latest version is 1.10.6
2025-11-26 16:05:12 App is up to date.
2025-11-26 17:05:12 Checking for update using Github
2025-11-26 17:05:12 Success.
2025-11-26 17:05:12 Latest version is 1.10.6
2025-11-26 17:05:12 App is up to date.
2025-11-26 18:05:12 Checking for update using Github
2025-11-26 18:05:12 Success.
2025-11-26 18:05:12 Latest version is 1.10.6
2025-11-26 18:05:12 App is up to date.
2025-11-26 19:05:12 Checking for update using Github
2025-11-26 19:05:12 Success.
2025-11-26 19:05:12 Latest version is 1.10.6
2025-11-26 19:05:12 App is up to date.
2025-11-27 07:23:09 Loading updated app package /home/myka/.config/obsidian/obsidian-1.10.6.asar
2025-11-27 07:23:10 Checking for update using Github
2025-11-27 07:23:10 Success.
2025-11-27 07:23:10 Latest version is 1.10.6
2025-11-27 07:23:10 App is up to date.
2025-11-27 19:25:37 Loading updated app package /home/myka/.config/obsidian/obsidian-1.10.6.asar
2025-11-27 19:25:39 Checking for update using Github
2025-11-27 19:25:39 Success.
2025-11-27 19:25:39 Latest version is 1.10.6
2025-11-27 19:25:39 App is up to date.
2025-11-27 20:25:37 Checking for update using Github
2025-11-27 20:25:37 Success.
2025-11-27 20:25:37 Latest version is 1.10.6
2025-11-27 20:25:37 App is up to date.
2025-11-27 21:25:37 Checking for update using Github
2025-11-27 21:25:37 Success.
2025-11-27 21:25:37 Latest version is 1.10.6
2025-11-27 21:25:37 App is up to date.
2025-11-28 20:19:03 Loading updated app package /home/myka/.config/obsidian/obsidian-1.10.6.asar
2025-11-28 20:19:05 Checking for update using Github
2025-11-28 20:19:06 Success.
2025-11-28 20:19:06 Latest version is 1.10.6
2025-11-28 20:19:06 App is up to date.
2025-11-28 21:19:03 Checking for update using Github
2025-11-28 21:19:03 Success.
2025-11-28 21:19:03 Latest version is 1.10.6
2025-11-28 21:19:03 App is up to date.
2025-11-28 22:19:03 Checking for update using Github
2025-11-28 22:19:03 Success.
2025-11-28 22:19:03 Latest version is 1.10.6
2025-11-28 22:19:03 App is up to date.
2025-11-29 10:36:17 Loading updated app package /home/myka/.config/obsidian/obsidian-1.10.6.asar
2025-11-29 10:36:19 Checking for update using Github
2025-11-29 10:36:20 Success.
2025-11-29 10:36:20 Latest version is 1.10.6
2025-11-29 10:36:20 App is up to date.
2025-11-29 11:28:00 Loading updated app package /home/myka/.config/obsidian/obsidian-1.10.6.asar
2025-11-29 11:28:02 Checking for update using Github
2025-11-29 11:28:02 Success.
2025-11-29 11:28:02 Latest version is 1.10.6
2025-11-29 11:28:02 App is up to date.
2025-11-29 14:06:31 Checking for update using Github
2025-11-29 14:06:31 Success.
2025-11-29 14:06:31 Latest version is 1.10.6
2025-11-29 14:06:31 App is up to date.
2025-11-29 15:06:31 Checking for update using Github
2025-11-29 15:06:31 Success.
2025-11-29 15:06:31 Latest version is 1.10.6
2025-11-29 15:06:31 App is up to date.
2025-11-29 16:06:31 Checking for update using Github
2025-11-29 16:06:31 Success.
2025-11-29 16:06:31 Latest version is 1.10.6
2025-11-29 16:06:31 App is up to date.
2025-11-29 18:03:22 Checking for update using Github
2025-11-29 18:03:22 Success.
2025-11-29 18:03:22 Latest version is 1.10.6
2025-11-29 18:03:22 App is up to date.
2025-11-29 19:20:08 Checking for update using Github
2025-11-29 19:20:09 Success.
2025-11-29 19:20:09 Latest version is 1.10.6
2025-11-29 19:20:09 App is up to date.
2025-11-30 14:00:49 Loading updated app package /home/myka/.config/obsidian/obsidian-1.10.6.asar
2025-11-30 14:00:51 Checking for update using Github
2025-11-30 14:00:52 Success.
2025-11-30 14:00:52 Latest version is 1.10.6
2025-11-30 14:00:52 App is up to date.
2025-11-30 15:00:49 Checking for update using Github
2025-11-30 15:00:51 Success.
2025-11-30 15:00:51 Latest version is 1.10.6
2025-11-30 15:00:51 App is up to date.
2025-11-30 16:00:49 Checking for update using Github
2025-11-30 16:00:50 Success.
2025-11-30 16:00:50 Latest version is 1.10.6
2025-11-30 16:00:50 App is up to date.
2025-11-30 17:00:49 Checking for update using Github
2025-11-30 17:00:50 Success.
2025-11-30 17:00:50 Latest version is 1.10.6
2025-11-30 17:00:50 App is up to date.
2025-11-30 18:00:49 Checking for update using Github
2025-11-30 18:00:50 Success.
2025-11-30 18:00:50 Latest version is 1.10.6
2025-11-30 18:00:50 App is up to date.
2025-11-30 20:32:12 Loading updated app package /home/myka/.config/obsidian/obsidian-1.10.6.asar
2025-11-30 20:32:14 Checking for update using Github
2025-11-30 20:32:14 Success.
2025-11-30 20:32:14 Latest version is 1.10.6
2025-11-30 20:32:14 App is up to date.
2025-11-30 20:47:33 Loading updated app package /home/myka/.config/obsidian/obsidian-1.10.6.asar
2025-11-30 20:47:34 Checking for update using Github
2025-11-30 20:47:35 Success.
2025-11-30 20:47:35 Latest version is 1.10.6
2025-11-30 20:47:35 App is up to date.
2025-12-01 16:44:37 Loading updated app package /home/myka/.config/obsidian/obsidian-1.10.6.asar
2025-12-01 16:44:39 Checking for update using Github
2025-12-01 16:44:40 Success.
2025-12-01 16:44:40 Latest version is 1.10.6
2025-12-01 16:44:40 App is up to date.
2025-12-01 21:07:24 Checking for update using Github
2025-12-01 21:07:24 Success.
2025-12-01 21:07:24 Latest version is 1.10.6
2025-12-01 21:07:24 App is up to date.
2025-12-01 23:47:36 Checking for update using Github
2025-12-01 23:47:36 Success.
2025-12-01 23:47:36 Latest version is 1.10.6
2025-12-01 23:47:36 App is up to date.
2025-12-02 12:36:48 Loading updated app package /home/myka/.config/obsidian/obsidian-1.10.6.asar
2025-12-02 12:36:50 Checking for update using Github
2025-12-02 12:36:50 Success.
2025-12-02 12:36:50 Latest version is 1.10.6
2025-12-02 12:36:50 App is up to date.
2025-12-02 21:21:03 Loading updated app package /home/myka/.config/obsidian/obsidian-1.10.6.asar
2025-12-02 21:21:05 Checking for update using Github
2025-12-02 21:21:06 Success.
2025-12-02 21:21:06 Latest version is 1.10.6
2025-12-02 21:21:06 App is up to date.
2025-12-03 16:18:36 Loading updated app package /home/myka/.config/obsidian/obsidian-1.10.6.asar
2025-12-03 16:18:37 Checking for update using Github
2025-12-03 16:18:38 Success.
2025-12-03 16:18:38 Latest version is 1.10.6
2025-12-03 16:18:38 App is up to date.
2025-12-03 16:38:04 Loading updated app package /home/myka/.config/obsidian/obsidian-1.10.6.asar
2025-12-03 16:38:05 Checking for update using Github
2025-12-03 16:38:05 Success.
2025-12-03 16:38:05 Latest version is 1.10.6
2025-12-03 16:38:05 App is up to date.
2025-12-03 17:46:19 Checking for update using Github
2025-12-03 17:46:19 Success.
2025-12-03 17:46:19 Latest version is 1.10.6
2025-12-03 17:46:19 App is up to date.
2025-12-04 16:34:33 Loading updated app package /home/myka/.config/obsidian/obsidian-1.10.6.asar
2025-12-04 16:34:35 Checking for update using Github
2025-12-04 16:34:35 Success.
2025-12-04 16:34:35 Latest version is 1.10.6
2025-12-04 16:34:35 App is up to date.
2025-12-05 11:59:11 Loading updated app package /home/myka/.config/obsidian/obsidian-1.10.6.asar
2025-12-05 11:59:13 Checking for update using Github
2025-12-05 11:59:14 Success.
2025-12-05 11:59:14 Latest version is 1.10.6
2025-12-05 11:59:14 App is up to date.
2025-12-05 12:38:04 Loading updated app package /home/myka/.config/obsidian/obsidian-1.10.6.asar
2025-12-05 12:38:04 Checking for update using Github
2025-12-05 12:38:05 Success.
2025-12-05 12:38:05 Latest version is 1.10.6
2025-12-05 12:38:05 App is up to date.
2025-12-05 12:47:40 Loading updated app package /home/myka/.config/obsidian/obsidian-1.10.6.asar
2025-12-05 12:47:40 Checking for update using Github
2025-12-05 12:47:41 Success.
2025-12-05 12:47:41 Latest version is 1.10.6
2025-12-05 12:47:41 App is up to date.
2025-12-05 14:50:14 Checking for update using Github
2025-12-05 14:50:15 Success.
2025-12-05 14:50:15 Latest version is 1.10.6
2025-12-05 14:50:15 App is up to date.
2025-12-05 20:12:54 Loading updated app package /home/myka/.config/obsidian/obsidian-1.10.6.asar
2025-12-05 20:12:56 Checking for update using Github
2025-12-05 20:12:57 Success.
2025-12-05 20:12:57 Latest version is 1.10.6
2025-12-05 20:12:57 App is up to date.
2025-12-05 21:12:54 Checking for update using Github
2025-12-05 21:12:55 Success.
2025-12-05 21:12:55 Latest version is 1.10.6
2025-12-05 21:12:55 App is up to date.
2025-12-06 11:31:35 Checking for update using Github
2025-12-06 11:31:35 Success.
2025-12-06 11:31:35 Latest version is 1.10.6
2025-12-06 11:31:35 App is up to date.
2025-12-06 15:02:32 Checking for update using Github
2025-12-06 15:02:32 Success.
2025-12-06 15:02:32 Latest version is 1.10.6
2025-12-06 15:02:32 App is up to date.
2025-12-07 14:43:52 Checking for update using Github
2025-12-07 14:43:53 Success.
2025-12-07 14:43:53 Latest version is 1.10.6
2025-12-07 14:43:53 App is up to date.
2025-12-07 17:51:59 Checking for update using Github
2025-12-07 17:51:59 Success.
2025-12-07 17:51:59 Latest version is 1.10.6
2025-12-07 17:51:59 App is up to date.
2025-12-08 14:31:55 Loading updated app package /home/myka/.config/obsidian/obsidian-1.10.6.asar
2025-12-08 14:31:57 Checking for update using Github
2025-12-08 14:31:58 Success.
2025-12-08 14:31:58 Latest version is 1.10.6
2025-12-08 14:31:58 App is up to date.
2025-12-08 15:31:55 Checking for update using Github
2025-12-08 15:31:55 Success.
2025-12-08 15:31:55 Latest version is 1.10.6
2025-12-08 15:31:55 App is up to date.
2025-12-09 02:00:29 Checking for update using Github
2025-12-09 02:00:29 Success.
2025-12-09 02:00:29 Latest version is 1.10.6
2025-12-09 02:00:29 App is up to date.
2025-12-09 14:21:23 Loading updated app package /home/myka/.config/obsidian/obsidian-1.10.6.asar
2025-12-09 14:21:25 Checking for update using Github
2025-12-09 14:21:26 Success.
2025-12-09 14:21:26 Latest version is 1.10.6
2025-12-09 14:21:26 App is up to date.
2025-12-09 15:25:50 Loading updated app package /home/myka/.config/obsidian/obsidian-1.10.6.asar
2025-12-09 15:25:51 Checking for update using Github
2025-12-09 15:25:53 Success.
2025-12-09 15:25:53 Latest version is 1.10.6
2025-12-09 15:25:53 App is up to date.
2025-12-09 17:01:05 Loading updated app package /home/myka/.config/obsidian/obsidian-1.10.6.asar
2025-12-09 17:01:07 Checking for update using Github
2025-12-09 17:01:09 Success.
2025-12-09 17:01:09 Latest version is 1.10.6
2025-12-09 17:01:09 App is up to date.
2025-12-09 17:11:55 Loading updated app package /home/myka/.config/obsidian/obsidian-1.10.6.asar
2025-12-09 17:11:56 Checking for update using Github
2025-12-09 17:12:02 Success.
2025-12-09 17:12:02 Latest version is 1.10.6
2025-12-09 17:12:02 App is up to date.
2025-12-09 17:13:54 Loading updated app package /home/myka/.config/obsidian/obsidian-1.10.6.asar
2025-12-09 17:13:55 Checking for update using Github
2025-12-09 17:13:56 Success.
2025-12-09 17:13:56 Latest version is 1.10.6
2025-12-09 17:13:56 App is up to date.
2025-12-12 22:56:01 Loading updated app package /home/myka/.config/obsidian/obsidian-1.10.6.asar
2025-12-12 22:56:02 Checking for update using Github
2025-12-12 22:56:03 Success.
2025-12-12 22:56:03 Latest version is 1.10.6
2025-12-12 22:56:03 App is up to date.
2025-12-13 11:15:48 Loading updated app package /home/myka/.config/obsidian/obsidian-1.10.6.asar
2025-12-13 11:15:48 Checking for update using Github
2025-12-13 11:15:49 Failed to check for update using Github (net::ERR_NETWORK_CHANGED)
2025-12-13 11:15:49 Checking for update using obsidian.md
2025-12-13 11:15:49 Failed to check for update using obsidian.md (Unexpected end of JSON input)
2025-12-13 12:15:48 Checking for update using Github
2025-12-13 12:15:48 Success.
2025-12-13 12:15:48 Latest version is 1.10.6
2025-12-13 12:15:48 App is up to date.
2025-12-13 13:15:48 Checking for update using Github
2025-12-13 13:15:48 Success.
2025-12-13 13:15:48 Latest version is 1.10.6
2025-12-13 13:15:48 App is up to date.
2025-12-13 14:15:57 Checking for update using Github
2025-12-13 14:15:58 Success.
2025-12-13 14:15:58 Latest version is 1.10.6
2025-12-13 14:15:58 App is up to date.
2025-12-13 15:15:57 Checking for update using Github
2025-12-13 15:15:57 Success.
2025-12-13 15:15:57 Latest version is 1.10.6
2025-12-13 15:15:57 App is up to date.
2025-12-13 16:43:06 Checking for update using Github
2025-12-13 16:43:06 Success.
2025-12-13 16:43:06 Latest version is 1.10.6
2025-12-13 16:43:06 App is up to date.
2025-12-13 17:43:06 Checking for update using Github
2025-12-13 17:43:06 Success.
2025-12-13 17:43:06 Latest version is 1.10.6
2025-12-13 17:43:06 App is up to date.
2025-12-13 18:43:06 Checking for update using Github
2025-12-13 18:43:06 Success.
2025-12-13 18:43:06 Latest version is 1.10.6
2025-12-13 18:43:06 App is up to date.
2025-12-13 22:03:55 Loading updated app package /home/myka/.config/obsidian/obsidian-1.10.6.asar
2025-12-13 22:03:57 Checking for update using Github
2025-12-13 22:03:58 Success.
2025-12-13 22:03:58 Latest version is 1.10.6
2025-12-13 22:03:58 App is up to date.
2025-12-14 09:23:11 Loading updated app package /home/myka/.config/obsidian/obsidian-1.10.6.asar
2025-12-14 09:23:13 Checking for update using Github
2025-12-14 09:23:14 Success.
2025-12-14 09:23:14 Latest version is 1.10.6
2025-12-14 09:23:14 App is up to date.
2025-12-14 10:23:11 Checking for update using Github
2025-12-14 10:23:11 Success.
2025-12-14 10:23:11 Latest version is 1.10.6
2025-12-14 10:23:11 App is up to date.
2025-12-14 11:23:11 Checking for update using Github
2025-12-14 11:23:11 Success.
2025-12-14 11:23:11 Latest version is 1.10.6
2025-12-14 11:23:11 App is up to date.
2025-12-14 12:23:21 Checking for update using Github
2025-12-14 12:23:21 Success.
2025-12-14 12:23:21 Latest version is 1.10.6
2025-12-14 12:23:21 App is up to date.
2025-12-14 17:16:13 Loading updated app package /home/myka/.config/obsidian/obsidian-1.10.6.asar
2025-12-18 20:01:02 Loading updated app package /home/myka/.config/obsidian/obsidian-1.10.6.asar
2025-12-18 20:05:03 Loading updated app package /home/myka/.config/obsidian/obsidian-1.10.6.asar
2025-12-18 20:16:36 Loading updated app package /home/myka/.config/obsidian/obsidian-1.10.6.asar
2025-12-18 20:20:02 Loading updated app package /home/myka/.config/obsidian/obsidian-1.10.6.asar
2025-12-19 17:02:34 Loading updated app package /home/myka/.config/obsidian/obsidian-1.10.6.asar
2025-12-21 07:02:07 Loading updated app package /home/myka/.config/obsidian/obsidian-1.10.6.asar
